{"time": 1791022945.6009767, "evidence": "1791022943255462627-1-long-episode-before", "foreground": ["mResumedActivity: ActivityRecord{350f37c u0 com.fongmi.android.tv/.ui.activity.VideoActivity t12}", "mFocusedActivity: ActivityRecord{350f37c u0 com.fongmi.android.tv/.ui.activity.VideoActivity t12}"], "focus": [{"labels": ["第 003 集"], "id": "", "bounds": [96, 685, 270, 782]}]}
{"time": 1791022946.1129785, "key": 22}
{"time": 1791022948.8544707, "evidence": "1791022946467835416-2-long-episode-right", "foreground": ["mResumedActivity: ActivityRecord{350f37c u0 com.fongmi.android.tv/.ui.activity.VideoActivity t12}", "mFocusedActivity: ActivityRecord{350f37c u0 com.fongmi.android.tv/.ui.activity.VideoActivity t12}"], "focus": [{"labels": ["第 004 集"], "id": "", "bounds": [286, 685, 460, 782]}]}
{"time": 1791022949.3417928, "key": 22}
{"time": 1791022952.4488504, "evidence": "1791022949692363716-3-long-episode-right", "foreground": ["mResumedActivity: ActivityRecord{350f37c u0 com.fongmi.android.tv/.ui.activity.VideoActivity t12}", "mFocusedActivity: ActivityRecord{350f37c u0 com.fongmi.android.tv/.ui.activity.VideoActivity t12}"], "focus": [{"labels": ["第 005 集"], "id": "", "bounds": [476, 685, 650, 782]}]}
{"time": 1791022953.0421836, "key": 22}
{"time": 1791022955.9173064, "evidence": "1791022953392583906-4-long-episode-right", "foreground": ["mResumedActivity: ActivityRecord{350f37c u0 com.fongmi.android.tv/.ui.activity.VideoActivity t12}", "mFocusedActivity: ActivityRecord{350f37c u0 com.fongmi.android.tv/.ui.activity.VideoActivity t12}"], "focus": [{"labels": ["第 005 集"], "id": "", "bounds": [286, 685, 460, 782]}]}
{"time": 1791022956.3924751, "key": 22}
{"time": 1791022959.224515, "evidence": "1791022956743055948-5-long-episode-right", "foreground": ["mResumedActivity: ActivityRecord{350f37c u0 com.fongmi.android.tv/.ui.activity.VideoActivity t12}", "mFocusedActivity: ActivityRecord{350f37c u0 com.fongmi.android.tv/.ui.activity.VideoActivity t12}"], "focus": [{"labels": ["第 006 集"], "id": "", "bounds": [476, 685, 650, 782]}]}
{"time": 1791022959.7085736, "key": 22}
{"time": 1791022962.4043324, "evidence": "1791022960060965954-6-long-episode-right", "foreground": ["mResumedActivity: ActivityRecord{350f37c u0 com.fongmi.android.tv/.ui.activity.VideoActivity t12}", "mFocusedActivity: ActivityRecord{350f37c u0 com.fongmi.android.tv/.ui.activity.VideoActivity t12}"], "focus": [{"labels": ["第 007 集"], "id": "", "bounds": [666, 685, 840, 782]}]}
{"time": 1791022962.807542, "key": 22}
{"time": 1791022965.4214733, "evidence": "1791022963157965269-7-long-episode-right", "foreground": ["mResumedActivity: ActivityRecord{350f37c u0 com.fongmi.android.tv/.ui.activity.VideoActivity t12}", "mFocusedActivity: ActivityRecord{350f37c u0 com.fongmi.android.tv/.ui.activity.VideoActivity t12}"], "focus": [{"labels": ["第 008 集"], "id": "", "bounds": [856, 685, 1030, 782]}]}
{"time": 1791022965.9476755, "key": 22}
{"time": 1791022968.6327944, "evidence": "1791022966301551278-8-long-episode-right", "foreground": ["mResumedActivity: ActivityRecord{350f37c u0 com.fongmi.android.tv/.ui.activity.VideoActivity t12}", "mFocusedActivity: ActivityRecord{350f37c u0 com.fongmi.android.tv/.ui.activity.VideoActivity t12}"], "focus": [{"labels": ["第 009 集"], "id": "", "bounds": [1046, 685, 1220, 782]}]}
{"time": 1791022969.1116607, "key": 22}
{"time": 1791022971.8235948, "evidence": "1791022969462093678-9-long-episode-right", "foreground": ["mResumedActivity: ActivityRecord{350f37c u0 com.fongmi.android.tv/.ui.activity.VideoActivity t12}", "mFocusedActivity: ActivityRecord{350f37c u0 com.fongmi.android.tv/.ui.activity.VideoActivity t12}"], "focus": [{"labels": ["第 010 集"], "id": "", "bounds": [1236, 685, 1410, 782]}]}
{"time": 1791022972.2430284, "key": 22}
{"time": 1791022975.0304353, "evidence": "1791022972595753215-10-long-episode-right", "foreground": ["mResumedActivity: ActivityRecord{350f37c u0 com.fongmi.android.tv/.ui.activity.VideoActivity t12}", "mFocusedActivity: ActivityRecord{350f37c u0 com.fongmi.android.tv/.ui.activity.VideoActivity t12}"], "focus": [{"labels": ["第 011 集"], "id": "", "bounds": [1426, 685, 1600, 782]}]}
{"time": 1791022975.5096118, "key": 23}
{"time": 1791022978.999361, "evidence": "1791022975860324710-11-long-episode-selected", "foreground": ["mResumedActivity: ActivityRecord{350f37c u0 com.fongmi.android.tv/.ui.activity.VideoActivity t12}", "mFocusedActivity: ActivityRecord{350f37c u0 com.fongmi.android.tv/.ui.activity.VideoActivity t12}"], "focus": [{"labels": ["第 011 集"], "id": "", "bounds": [96, 685, 270, 782]}]}
{"time": 1791022979.4492867, "key": 19}
{"time": 1791022982.339644, "evidence": "1791022979801918891-12-long-episode-up", "foreground": ["mResumedActivity: ActivityRecord{350f37c u0 com.fongmi.android.tv/.ui.activity.VideoActivity t12}", "mFocusedActivity: ActivityRecord{350f37c u0 com.fongmi.android.tv/.ui.activity.VideoActivity t12}"], "focus": [{"labels": [], "id": "com.fongmi.android.tv:id/video", "bounds": [87, 91, 969, 587]}]}
{"time": 1791022982.7743847, "key": 20}
{"time": 1791022985.4675422, "evidence": "1791022983124711389-13-long-episode-reenter", "foreground": ["mResumedActivity: ActivityRecord{350f37c u0 com.fongmi.android.tv/.ui.activity.VideoActivity t12}", "mFocusedActivity: ActivityRecord{350f37c u0 com.fongmi.android.tv/.ui.activity.VideoActivity t12}"], "focus": [{"labels": ["第 011 集"], "id": "", "bounds": [96, 685, 270, 782]}]}
CHECKED selected episode focus and up/down reentry ['第 011 集']
